/home/seleniumtestframework/src/test/java/steps/AddingProduct.java
/home/seleniumtestframework/src/test/java/hooks/Basic.java
/home/seleniumtestframework/src/test/java/runner/ScenarioOutlineRunner.java
/home/seleniumtestframework/src/test/java/runner/LoginRunner.java
/home/seleniumtestframework/src/test/java/appfeatures/ApplicationHooks.java
/home/seleniumtestframework/src/test/java/runner/CampaignsRunner.java
/home/seleniumtestframework/src/test/java/runner/ProfileRunner.java
/home/seleniumtestframework/src/test/java/hooks/AppHooks.java
/home/seleniumtestframework/src/test/java/steps/LoginSteps.java
/home/seleniumtestframework/src/test/java/steps/OrderConfirmationSteps.java
/home/seleniumtestframework/src/test/java/runner/LoginWithDataRunner.java
/home/seleniumtestframework/src/test/java/steps/ProfileSteps.java
/home/seleniumtestframework/src/test/java/appfeatures/MagnetoRunnerTest.java
/home/seleniumtestframework/src/test/java/runner/AccountDetailsRunner.java
/home/seleniumtestframework/src/test/java/steps/CampaignSteps.java
/home/seleniumtestframework/src/test/java/appfeatures/ProductSteps.java
/home/seleniumtestframework/src/test/java/runner/OrderRunner.java
/home/seleniumtestframework/src/test/java/steps/LoginWithData.java
/home/seleniumtestframework/src/test/java/appfeatures/HomePageSteps.java
/home/seleniumtestframework/src/test/java/appfeatures/MagnetoFailedRunnerTest.java
/home/seleniumtestframework/src/test/java/steps/ScenarioOutlineSteps.java
/home/seleniumtestframework/src/test/java/runner/OrderPlacingRunner.java
/home/seleniumtestframework/src/test/java/utility/ConfigLoader.java
/home/seleniumtestframework/src/test/java/steps/OrderSteps.java
/home/seleniumtestframework/src/test/java/steps/AccountDetailsSteps.java
